// Jest Snapshot v1, https://goo.gl/fbAQLP

exports[`EditorContainer should render 1`] = `
<p>
  Loading...
</p>
`;
