// Jest Snapshot v1, https://goo.gl/fbAQLP

exports[`SignInContainer should render 1`] = `
<SignIn
  error={false}
  loading={false}
  signIn={[Function]}
  submitIfEnter={[Function]}
  updateFormByKey={[Function]}
/>
`;

exports[`SignInContainer should render a Redirect when authenticated 1`] = `
<Redirect
  push={false}
  to="/"
/>
`;
