// Jest Snapshot v1, https://goo.gl/fbAQLP

exports[`TasksContainer should render 1`] = `<WithStyles(LinearIndeterminate) />`;
