// Jest Snapshot v1, https://goo.gl/fbAQLP

exports[`App should render correctly 1`] = `
<React.Fragment>
  <SidebarTopOverlay
    toggleMenu={[Function]}
  />
  <SidebarLeftOverlay
    sideBarVisibility={true}
    toggleMenu={[Function]}
  />
  <div
    style={
      Object {
        "height": "40px",
      }
    }
  />
  <Switch>
    <Route
      component={[Function]}
      exact={true}
      path="/"
    />
    <Route
      component={[Function]}
      exact={true}
      path="/journals"
    />
    <Route
      path="/journals/edit/:id"
      render={[Function]}
    />
    <Route
      component={[Function]}
      path="/journals/view/:id"
    />
    <Route
      component={[Function]}
      path="/library"
    />
    <Route
      component={[Function]}
      path="/sign(up|in)"
    />
  </Switch>
</React.Fragment>
`;
