// Jest Snapshot v1, https://goo.gl/fbAQLP

exports[`Home should render 1`] = `
<withRouter(Home)
  classes={
    Object {
      "button": "withRouter-Home--button-1",
      "input": "withRouter-Home--input-2",
    }
  }
/>
`;
