// Jest Snapshot v1, https://goo.gl/fbAQLP

exports[`Journal should render 1`] = `<EditorViewContainer />`;
