// Jest Snapshot v1, https://goo.gl/fbAQLP

exports[`LargeCard should render 1`] = `
<div
  style={
    Object {
      "display": "inline",
      "position": "relative",
    }
  }
>
  <Card>
    <Icon
      as="i"
      color="whitesmoke"
      name="star"
      onClick={[Function]}
      size="huge"
      style={
        Object {
          "color": "whitesmoke",
          "position": "absolute",
          "right": 0,
          "top": 9,
          "zIndex": 1,
        }
      }
    />
    <Image
      as="img"
      ui={true}
    />
    <CardContent>
      <CardHeader>
        The Sealed Portion
      </CardHeader>
    </CardContent>
    <CardContent
      extra={true}
    >
      <p>
        <Icon
          as="i"
          name="file text outline"
        />
        22 hr read
      </p>
    </CardContent>
  </Card>
</div>
`;

exports[`LargeCard should render as star filled when passed starFilled as a prop 1`] = `
<div
  style={
    Object {
      "display": "inline",
      "position": "relative",
    }
  }
>
  <Card>
    <Icon
      as="i"
      color="whitesmoke"
      name="star"
      onClick={[Function]}
      size="huge"
      style={
        Object {
          "color": "whitesmoke",
          "position": "absolute",
          "right": 0,
          "top": 9,
          "zIndex": 1,
        }
      }
    />
    <Image
      as="img"
      ui={true}
    />
    <CardContent>
      <CardHeader>
        The Sealed Portion
      </CardHeader>
    </CardContent>
    <CardContent
      extra={true}
    >
      <p>
        <Icon
          as="i"
          name="file text outline"
        />
        22 hr read
      </p>
    </CardContent>
  </Card>
</div>
`;
