// Jest Snapshot v1, https://goo.gl/fbAQLP

exports[`Library should render 1`] = `
<React.Fragment>
  <h3>
    Library
  </h3>
  <styled.div>
    <Connect(DocumentsContainer)
      phase="published"
    />
  </styled.div>
</React.Fragment>
`;
