// Jest Snapshot v1, https://goo.gl/fbAQLP

exports[`NotFound should render 1`] = `
<Route
  render={[Function]}
/>
`;
