// Jest Snapshot v1, https://goo.gl/fbAQLP

exports[`SignUp should render 1`] = `
<h3>
  SignUp
</h3>
`;
