// Jest Snapshot v1, https://goo.gl/fbAQLP

exports[`TasksContainer should render 1`] = `
<Tasks
  claims={Object {}}
  classes={
    Object {
      "card": "Tasks-card-2",
      "root": "Tasks-root-1",
    }
  }
/>
`;
