// Jest Snapshot v1, https://goo.gl/fbAQLP

exports[`Library should render 1`] = `
<h3>
  Library
</h3>
`;
