// Jest Snapshot v1, https://goo.gl/fbAQLP

exports[`SidebarLeftOverlay should render 1`] = `
<React.Fragment>
  <Sidebar
    animation="overlay"
    as={[Function]}
    direction="top"
    inverted={true}
    visible={true}
  >
    <MenuItem
      name="Menu"
      onClick={[Function]}
    >
      <Icon
        as="i"
        name="content"
      />
    </MenuItem>
  </Sidebar>
</React.Fragment>
`;
