// Jest Snapshot v1, https://goo.gl/fbAQLP

exports[`GenericError should render 1`] = `
<Route
  render={[Function]}
/>
`;
